// Jest Snapshot v1, https://goo.gl/fbAQLP

exports[`<App /> renders 1`] = `
<div
  className="app"
>
  <div
    className="background-image-wrapper"
  >
    <img
      src="background-desktop.jpg"
    />
  </div>
  <div
    className="background-image-content"
  >
    <Connect(Filter) />
    <Connect(ProjectTable) />
  </div>
</div>
`;
